// Jest Snapshot v1, https://goo.gl/fbAQLP

exports[`DocumentInfo should match snapshot with params match docId 1`] = `null`;
