// Jest Snapshot v1, https://goo.gl/fbAQLP

exports[`ManageNewDocumentsPage should match snapshot 1`] = `
Array [
  <h1>
    Add Document
  </h1>,
  <form
    autoComplete="off"
    onSubmit={[Function]}
  >
    <p>
      If you choose 
      <strong>
        simple type
      </strong>
       of document even though you select an image or text, it will only be displayed the title and date.
       
      <br />
      For 
      <strong>
        custom type
      </strong>
       will be displayed text too. 
      <br />
      And for the 
      <strong>
        advanced type
      </strong>
       all items will be displayed.
    </p>
    <label
      htmlFor="title"
    >
      Title
    </label>
    <input
      id="title"
      maxLength={80}
      name="title"
      onChange={[Function]}
      required={true}
      type="text"
    />
    <label
      htmlFor="type"
    >
      Type
    </label>
    <select
      id="type"
      name="type"
      onChange={[Function]}
      required={true}
    >
      <option
        value=""
      >
        Choose a type
      </option>
      <option
        value="simple"
      >
        Simple
      </option>
      <option
        value="custom"
      >
        Custom
      </option>
      <option
        value="advanced"
      >
        Advanced
      </option>
    </select>
    <label
      htmlFor="date"
    >
      Date
    </label>
    <input
      id="date"
      name="date"
      onChange={[Function]}
      required={true}
      type="date"
    />
    <label
      htmlFor="text"
    >
      Text
    </label>
    <textarea
      id="text"
      name="text"
      onChange={[Function]}
    />
    <label
      htmlFor="image"
    >
      Image
    </label>
    <input
      id="image"
      name="image"
      onChange={[Function]}
      type="text"
    />
    <p>
      The format of the image must be an url ending with a proper image extension(p.e: .jpeg, .jpg, gif,...) 
      <br />
      <span>
        (example: https://mimusica.es/wp-content/uploads/2019/10/musica-chillout.jpg)
      </span>
    </p>
    <button
      className="greenButton"
      disabled={false}
      type="submit"
    >
      Create course
    </button>
  </form>,
  " ",
]
`;
